// Jest Snapshot v1, https://goo.gl/fbAQLP

exports[`renders correctly 1`] = `
<audienceBlock
  switchPlatformStat={[Function]}
  visible={false}
/>
`;
