// Jest Snapshot v1, https://goo.gl/fbAQLP

exports[`renders correctly 1`] = `
<Text
  onPress={[Function]}
  style={
    Object {
      "backgroundColor": "#6563A3",
      "borderRadius": 10,
      "color": "#ffffff",
      "fontSize": 28,
      "height": 60,
      "lineHeight": 60,
      "marginLeft": 10,
      "marginRight": 10,
      "marginTop": 10,
      "textAlign": "center",
    }
  }
/>
`;
